// Jest Snapshot v1, https://goo.gl/fbAQLP

exports[`Home スナップショット 1`] = `
<div
  className="MuiGrid2-root MuiGrid2-container css-6pdv1i-MuiGrid2-root"
>
  <div
    className="MuiGrid2-root MuiGrid2-grid-xs-12 MuiGrid2-grid-md-7 MuiGrid2-grid-lg-6 css-1qh1r3k-MuiGrid2-root"
  >
    <div
      className="css-ag2nwu-MuiStack-root"
    >
      <div
        className="MuiTypography-root MuiTypography-h2 css-1sra7t5-MuiTypography-root"
        data-testid="home-title"
      >
        DivWork
      </div>
      <div
        className="MuiTypography-root MuiTypography-h5 css-ag7rrr-MuiTypography-root"
      >
        チーム作業のためのタスク管理ツール
      </div>
    </div>
    <div
      className="css-1dpyoso-MuiStack-root"
    >
      <a
        className="MuiButton-root MuiButton-contained MuiButton-containedPrimary MuiButton-sizeMedium MuiButton-containedSizeMedium MuiButtonBase-root  css-sghohy-MuiButtonBase-root-MuiButton-root"
        href="/sign_up/teams/select"
        onBlur={[Function]}
        onClick={[Function]}
        onContextMenu={[Function]}
        onDragLeave={[Function]}
        onFocus={[Function]}
        onKeyDown={[Function]}
        onKeyUp={[Function]}
        onMouseDown={[Function]}
        onMouseLeave={[Function]}
        onMouseUp={[Function]}
        onTouchEnd={[Function]}
        onTouchMove={[Function]}
        onTouchStart={[Function]}
        tabIndex={0}
      >
        ユーザー登録
      </a>
      <a
        className="MuiButton-root MuiButton-contained MuiButton-containedSecondary MuiButton-sizeMedium MuiButton-containedSizeMedium MuiButtonBase-root  css-zcbmsk-MuiButtonBase-root-MuiButton-root"
        href="/sign_in"
        onBlur={[Function]}
        onClick={[Function]}
        onContextMenu={[Function]}
        onDragLeave={[Function]}
        onFocus={[Function]}
        onKeyDown={[Function]}
        onKeyUp={[Function]}
        onMouseDown={[Function]}
        onMouseLeave={[Function]}
        onMouseUp={[Function]}
        onTouchEnd={[Function]}
        onTouchMove={[Function]}
        onTouchStart={[Function]}
        tabIndex={0}
      >
        ログイン
      </a>
      <button
        className="MuiButton-root MuiButton-text MuiButton-textSecondary MuiButton-sizeMedium MuiButton-textSizeMedium MuiButtonBase-root  css-1d3f8j8-MuiButtonBase-root-MuiButton-root"
        disabled={false}
        onBlur={[Function]}
        onClick={[Function]}
        onContextMenu={[Function]}
        onDragLeave={[Function]}
        onFocus={[Function]}
        onKeyDown={[Function]}
        onKeyUp={[Function]}
        onMouseDown={[Function]}
        onMouseLeave={[Function]}
        onMouseUp={[Function]}
        onTouchEnd={[Function]}
        onTouchMove={[Function]}
        onTouchStart={[Function]}
        tabIndex={0}
        type="button"
      >
        ゲストユーザーでログイン
      </button>
    </div>
  </div>
  <div
    className="MuiGrid2-root MuiGrid2-grid-xs-12 MuiGrid2-grid-md-5 MuiGrid2-grid-lg-6 css-13iieav-MuiGrid2-root"
  >
    <div
      className="MuiBox-root css-38icjw"
    >
      <img
        alt="telework"
        className="css-158tgc5-Home"
        src=""
      />
    </div>
  </div>
  <div
    className="MuiGrid2-root MuiGrid2-grid-xs-12 MuiGrid2-grid-md-7 MuiGrid2-grid-lg-6 css-1qh1r3k-MuiGrid2-root"
  >
    <div
      className="css-1p5q5e5-MuiStack-root"
    >
      <div
        className="MuiTypography-root MuiTypography-h5 css-ag7rrr-MuiTypography-root"
      >
        メンバーと協力してタスクを進める
      </div>
      <div
        className="MuiTypography-root MuiTypography-h6 css-1jgmn5n-MuiTypography-root"
      >
        DivWorkはチームでタスクを共有、管理が出来るツールです。また、タスクをメンバーと分担することが出来るので、チーム内での協力、助け合いをサポートします。
      </div>
    </div>
  </div>
  <div
    className="MuiGrid2-root MuiGrid2-grid-xs-12 MuiGrid2-grid-md-5 MuiGrid2-grid-lg-6 css-13iieav-MuiGrid2-root"
  >
    <div
      className="MuiBox-root css-1qqb1x3"
    >
      <img
        alt="screen"
        className="css-158tgc5-Home"
        src=""
      />
    </div>
  </div>
  <div
    className="MuiGrid2-root MuiGrid2-grid-xs-12 css-16fnxy3-MuiGrid2-root"
  >
    <div
      className="MuiGrid2-root MuiGrid2-container css-122nd73-MuiGrid2-root"
    >
      <div
        className="MuiGrid2-root MuiGrid2-grid-xs-12 css-16fnxy3-MuiGrid2-root"
      >
        <div
          className="MuiTypography-root MuiTypography-h5 css-ph2xsj-MuiTypography-root"
        >
          チームのタスク管理に必要な機能が充実
        </div>
      </div>
      <div
        className="MuiGrid2-root MuiGrid2-grid-xs-12 MuiGrid2-grid-sm-4 MuiGrid2-grid-md-2 css-en44ia-MuiGrid2-root"
      >
        <div
          className="MuiBox-root css-cgw7gv"
        >
          <img
            alt="graph"
            className="css-158tgc5-Home"
            src=""
          />
        </div>
      </div>
      <div
        className="MuiGrid2-root MuiGrid2-grid-xs-12 MuiGrid2-grid-sm-8 MuiGrid2-grid-md-4 css-1jdotee-MuiGrid2-root"
      >
        <div
          className="css-1okj3ks-MuiStack-root"
        >
          <div
            className="MuiTypography-root MuiTypography-h6 css-2ulfj5-MuiTypography-root"
          >
            チーム状況管理
          </div>
          <div
            className="MuiTypography-root MuiTypography-body1 css-1pnmrwp-MuiTypography-root"
          >
            タスク件数をグラフ化し、メンバーの状況を一目で把握出来ます。優先度表示または納期表示に切り替えることが出来ます。
          </div>
        </div>
      </div>
      <div
        className="MuiGrid2-root MuiGrid2-grid-xs-12 MuiGrid2-grid-sm-4 MuiGrid2-grid-md-2 css-en44ia-MuiGrid2-root"
      >
        <div
          className="MuiBox-root css-cgw7gv"
        >
          <img
            alt="task"
            className="css-158tgc5-Home"
            src=""
          />
        </div>
      </div>
      <div
        className="MuiGrid2-root MuiGrid2-grid-xs-12 MuiGrid2-grid-sm-8 MuiGrid2-grid-md-4 css-1jdotee-MuiGrid2-root"
      >
        <div
          className="css-1okj3ks-MuiStack-root"
        >
          <div
            className="MuiTypography-root MuiTypography-h6 css-2ulfj5-MuiTypography-root"
          >
            納期/進捗管理
          </div>
          <div
            className="MuiTypography-root MuiTypography-body1 css-1pnmrwp-MuiTypography-root"
          >
            タスクの納期、進捗率をデータテーブルで確認することが出来ます。絞り込みやソートすることも出来ます。
          </div>
        </div>
      </div>
      <div
        className="MuiGrid2-root MuiGrid2-grid-xs-12 MuiGrid2-grid-sm-4 MuiGrid2-grid-md-2 css-en44ia-MuiGrid2-root"
      >
        <div
          className="MuiBox-root css-cgw7gv"
        >
          <img
            alt="team"
            className="css-158tgc5-Home"
            src=""
          />
        </div>
      </div>
      <div
        className="MuiGrid2-root MuiGrid2-grid-xs-12 MuiGrid2-grid-sm-8 MuiGrid2-grid-md-4 css-1jdotee-MuiGrid2-root"
      >
        <div
          className="css-1okj3ks-MuiStack-root"
        >
          <div
            className="MuiTypography-root MuiTypography-h6 css-2ulfj5-MuiTypography-root"
          >
            タスク分担機能
          </div>
          <div
            className="MuiTypography-root MuiTypography-body1 css-1pnmrwp-MuiTypography-root"
          >
            タスクはチームのメンバーと簡単に分担することが出来ます。他メンバーのタスクを分担することも出来ます。
          </div>
        </div>
      </div>
      <div
        className="MuiGrid2-root MuiGrid2-grid-xs-12 MuiGrid2-grid-sm-4 MuiGrid2-grid-md-2 css-en44ia-MuiGrid2-root"
      >
        <div
          className="MuiBox-root css-cgw7gv"
        >
          <img
            alt="browser"
            className="css-158tgc5-Home"
            src=""
          />
        </div>
      </div>
      <div
        className="MuiGrid2-root MuiGrid2-grid-xs-12 MuiGrid2-grid-sm-8 MuiGrid2-grid-md-4 css-1jdotee-MuiGrid2-root"
      >
        <div
          className="css-1okj3ks-MuiStack-root"
        >
          <div
            className="MuiTypography-root MuiTypography-h6 css-2ulfj5-MuiTypography-root"
          >
            分担タスク管理
          </div>
          <div
            className="MuiTypography-root MuiTypography-body1 css-1pnmrwp-MuiTypography-root"
          >
            メンバーの分担履歴を確認することが出来ます。また、関連タスクの進捗状況を確認することが出来ます。
          </div>
        </div>
      </div>
    </div>
  </div>
</div>
`;
