// Jest Snapshot v1, https://goo.gl/fbAQLP

exports[`TeamsSelect スナップショット 1`] = `
<div
  className="MuiBox-root css-1pt6pjc"
>
  <svg
    aria-busy={true}
    aria-label="blocks-loading"
    className="blocks-wrapper"
    data-testid="color-ring-svg"
    height="80"
    preserveAspectRatio="xMidYMid"
    role="status"
    style={Object {}}
    viewBox="0 0 100 100"
    width="80"
    xmlns="http://www.w3.org/2000/svg"
    xmlnsXlink="http://www.w3.org/1999/xlink"
  >
    <defs>
      <mask
        id="ldio-4offds5dlws-mask"
      >
        <circle
          cx="50"
          cy="50"
          r="26"
          stroke="#fff"
          strokeDasharray="122.52211349000194 40.840704496667314"
          strokeLinecap="round"
          strokeWidth="9"
          transform="rotate(198.018 50 50)"
        >
          <animateTransform
            attributeName="transform"
            dur="1s"
            keyTimes="0;1"
            repeatCount="indefinite"
            type="rotate"
            values="0 50 50;360 50 50"
          />
        </circle>
      </mask>
    </defs>
    <g
      mask="url(#ldio-4offds5dlws-mask)"
    >
      <rect
        fill="#b8c480"
        height="100"
        width="15"
        x="14.5"
        y="0"
      >
        <animate
          attributeName="fill"
          begin="-0.8s"
          dur="1s"
          keyTimes="0;0.25;0.5;0.75;1"
          repeatCount="indefinite"
          values="#b8c480;#B2A3B5;#F4442E;#51E5FF;#429EA6"
        />
      </rect>
      <rect
        fill="#B2A3B5"
        height="100"
        width="15"
        x="28.5"
        y="0"
      >
        <animate
          attributeName="fill"
          begin="-0.6s"
          dur="1s"
          keyTimes="0;0.25;0.5;0.75;1"
          repeatCount="indefinite"
          values="#b8c480;#B2A3B5;#F4442E;#51E5FF;#429EA6"
        />
      </rect>
      <rect
        fill="#F4442E"
        height="100"
        width="15"
        x="42.5"
        y="0"
      >
        <animate
          attributeName="fill"
          begin="-0.4s"
          dur="1s"
          keyTimes="0;0.25;0.5;0.75;1"
          repeatCount="indefinite"
          values="#b8c480;#B2A3B5;#F4442E;#51E5FF;#429EA6"
        />
      </rect>
      <rect
        fill="#51E5FF"
        height="100"
        width="15"
        x="56.5"
        y="0"
      >
        <animate
          attributeName="fill"
          begin="-0.2s"
          dur="1s"
          keyTimes="0;0.25;0.5;0.75;1"
          repeatCount="indefinite"
          values="#b8c480;#B2A3B5;#F4442E;#51E5FF;#429EA6"
        />
      </rect>
      <rect
        fill="#429EA6"
        height="100"
        width="15"
        x="70.5"
        y="0"
      >
        <animate
          attributeName="fill"
          begin="0s"
          dur="1s"
          keyTimes="0;0.25;0.5;0.75;1"
          repeatCount="indefinite"
          values="#b8c480;#B2A3B5;#F4442E;#51E5FF;#429EA6"
        />
      </rect>
    </g>
  </svg>
</div>
`;
