// Jest Snapshot v1, https://goo.gl/fbAQLP

exports[`TeamsSelect スナップショット 1`] = `
<div
  className="MuiGrid2-root MuiGrid2-container MuiGrid2-direction-xs-column css-s21l6u-MuiGrid2-root"
>
  <div
    className="MuiGrid2-root MuiGrid2-grid-xs-12 css-16fnxy3-MuiGrid2-root"
  >
    <div
      className="MuiTypography-root MuiTypography-h4 MuiTypography-gutterBottom css-1vw6mcs-MuiTypography-root"
    >
      所属チームの選択
    </div>
    <div
      className="MuiTypography-root MuiTypography-body1 css-ahj2mt-MuiTypography-root"
    >
      選択したチームでユーザー登録します。
    </div>
  </div>
  <div
    className="MuiGrid2-root MuiGrid2-grid-xs-12 css-16fnxy3-MuiGrid2-root"
  >
    <div
      className="MuiFormControl-root css-1wmrndo-MuiFormControl-root"
    >
      <label
        className="MuiInputLabel-root MuiInputLabel-formControl MuiInputLabel-animated MuiInputLabel-outlined MuiFormLabel-root MuiFormLabel-colorSecondary Mui-required css-1v4qvbo-MuiFormLabel-root-MuiInputLabel-root"
        data-shrink={false}
        id="team_label"
      >
        チーム
        <span
          aria-hidden={true}
          className="MuiInputLabel-asterisk MuiFormLabel-asterisk css-wgai2y-MuiFormLabel-asterisk"
        >
           
          *
        </span>
      </label>
      <div
        className="MuiOutlinedInput-root MuiInputBase-root MuiInputBase-colorSecondary MuiInputBase-formControl css-hjtp1-MuiInputBase-root-MuiOutlinedInput-root"
        onClick={[Function]}
        variant="outlined"
      >
        <div
          aria-expanded="false"
          aria-haspopup="listbox"
          aria-labelledby="team_label"
          className="MuiSelect-select MuiSelect-outlined MuiOutlinedInput-input MuiInputBase-input css-11u53oe-MuiSelect-select-MuiInputBase-input-MuiOutlinedInput-input"
          onBlur={[Function]}
          onFocus={[Function]}
          onKeyDown={[Function]}
          onMouseDown={[Function]}
          role="button"
          tabIndex={0}
        >
          <span
            className="notranslate"
          >
            ​
          </span>
        </div>
        <input
          aria-hidden={true}
          className="MuiSelect-nativeInput css-yf8vq0-MuiSelect-nativeInput"
          disabled={false}
          onAnimationStart={[Function]}
          onChange={[Function]}
          required={true}
          tabIndex={-1}
          value=""
        />
        <svg
          aria-hidden={true}
          className="MuiSvgIcon-root MuiSvgIcon-fontSizeMedium MuiSelect-icon MuiSelect-iconOutlined css-hfutr2-MuiSvgIcon-root-MuiSelect-icon"
          data-testid="ArrowDropDownIcon"
          focusable="false"
          viewBox="0 0 24 24"
        >
          <path
            d="M7 10l5 5 5-5z"
          />
        </svg>
        <fieldset
          aria-hidden={true}
          className="MuiOutlinedInput-notchedOutline css-1d3z3hw-MuiOutlinedInput-notchedOutline"
        >
          <legend
            className="css-1ftyaf0"
          >
            <span>
              チーム
               
              *
            </span>
          </legend>
        </fieldset>
      </div>
    </div>
  </div>
  <div
    className="MuiGrid2-root MuiGrid2-grid-xs-12 css-16fnxy3-MuiGrid2-root"
  >
    <div
      className="css-w4z10b-MuiStack-root"
    >
      <a
        className="MuiButton-root MuiButton-contained MuiButton-containedPrimary MuiButton-sizeMedium MuiButton-containedSizeMedium MuiButtonBase-root  css-sghohy-MuiButtonBase-root-MuiButton-root"
        href="/sign_up"
        onBlur={[Function]}
        onClick={[Function]}
        onContextMenu={[Function]}
        onDragLeave={[Function]}
        onFocus={[Function]}
        onKeyDown={[Function]}
        onKeyUp={[Function]}
        onMouseDown={[Function]}
        onMouseLeave={[Function]}
        onMouseUp={[Function]}
        onTouchEnd={[Function]}
        onTouchMove={[Function]}
        onTouchStart={[Function]}
        tabIndex={0}
      >
        次へ
      </a>
      <button
        className="MuiButton-root MuiButton-text MuiButton-textSecondary MuiButton-sizeMedium MuiButton-textSizeMedium MuiButtonBase-root  css-1d3f8j8-MuiButtonBase-root-MuiButton-root"
        disabled={false}
        onBlur={[Function]}
        onClick={[Function]}
        onContextMenu={[Function]}
        onDragLeave={[Function]}
        onFocus={[Function]}
        onKeyDown={[Function]}
        onKeyUp={[Function]}
        onMouseDown={[Function]}
        onMouseLeave={[Function]}
        onMouseUp={[Function]}
        onTouchEnd={[Function]}
        onTouchMove={[Function]}
        onTouchStart={[Function]}
        tabIndex={0}
        type="button"
      >
        戻る
      </button>
    </div>
  </div>
  <div
    className="MuiGrid2-root MuiGrid2-grid-xs-12 css-16fnxy3-MuiGrid2-root"
  >
    <div
      className="MuiTypography-root MuiTypography-body1 css-ahj2mt-MuiTypography-root"
    >
      または
    </div>
  </div>
  <div
    className="MuiGrid2-root MuiGrid2-grid-xs-12 css-16fnxy3-MuiGrid2-root"
  >
    <a
      className="MuiButton-root MuiButton-contained MuiButton-containedSecondary MuiButton-sizeMedium MuiButton-containedSizeMedium MuiButtonBase-root  css-zcbmsk-MuiButtonBase-root-MuiButton-root"
      href="/sign_up/teams/new"
      onBlur={[Function]}
      onClick={[Function]}
      onContextMenu={[Function]}
      onDragLeave={[Function]}
      onFocus={[Function]}
      onKeyDown={[Function]}
      onKeyUp={[Function]}
      onMouseDown={[Function]}
      onMouseLeave={[Function]}
      onMouseUp={[Function]}
      onTouchEnd={[Function]}
      onTouchMove={[Function]}
      onTouchStart={[Function]}
      tabIndex={0}
    >
      新規チーム作成
    </a>
  </div>
</div>
`;
